// Jest Snapshot v1, https://goo.gl/fbAQLP

exports[`<UserList /> should render correctly 1`] = `
<div
  className="user-list"
>
  User List
</div>
`;
